// Jest Snapshot v1, https://goo.gl/fbAQLP

exports[`Dialog component tests basic dialog with title, body and footer 1`] = `
<Modal
  animationType="none"
  hardwareAccelerated={false}
  onRequestClose={[MockFunction]}
  statusBarTranslucent={true}
  transparent={true}
  visible={true}
>
  <View
    style={
      {
        "alignItems": "center",
        "flex": 1,
        "justifyContent": "center",
      }
    }
  >
    <View
      collapsable={false}
      jestAnimatedStyle={
        {
          "value": {
            "opacity": 0,
          },
        }
      }
      style={
        {
          "backgroundColor": "black",
          "bottom": 0,
          "left": 0,
          "opacity": 0,
          "position": "absolute",
          "right": 0,
          "top": 0,
        }
      }
    />
    <View
      collapsable={false}
      jestAnimatedStyle={
        {
          "value": {
            "opacity": 0,
            "transform": [
              {
                "scale": 0.9,
              },
            ],
          },
        }
      }
      style={
        {
          "opacity": 0,
          "transform": [
            {
              "scale": 0.9,
            },
          ],
        }
      }
    >
      <View
        style={
          [
            {
              "backgroundColor": "#ffffff",
              "borderColor": "#dbdada",
              "borderRadius": 7,
            },
            {
              "maxHeight": 1234,
              "maxWidth": 710,
            },
          ]
        }
      >
        <View
          style={
            {
              "alignItems": "center",
              "flexDirection": "row",
              "gap": 14,
              "justifyContent": "space-between",
              "padding": 21,
              "paddingBottom": 14,
              "width": "100%",
            }
          }
        >
          <Text
            style={
              [
                {
                  "color": "rgba(0, 0, 0, 0.8000)",
                  "fontWeight": 700,
                  "includeFontPadding": false,
                  "verticalAlign": "middle",
                },
                {
                  "fontSize": 17.5,
                },
                {
                  "flex": 1,
                  "flexWrap": "wrap",
                },
              ]
            }
            testID="DialogTitle"
          >
            Dialog Title
          </Text>
          <View
            accessibilityState={
              {
                "busy": undefined,
                "checked": undefined,
                "disabled": undefined,
                "expanded": undefined,
                "selected": undefined,
              }
            }
            accessibilityValue={
              {
                "max": undefined,
                "min": undefined,
                "now": undefined,
                "text": undefined,
              }
            }
            accessible={true}
            collapsable={false}
            focusable={true}
            onClick={[Function]}
            onResponderGrant={[Function]}
            onResponderMove={[Function]}
            onResponderRelease={[Function]}
            onResponderTerminate={[Function]}
            onResponderTerminationRequest={[Function]}
            onStartShouldSetResponder={[Function]}
            style={
              {
                "opacity": 1,
                "padding": 8,
              }
            }
            testID="DialogCloseButton"
          >
            <RNSVGSvgView
              align="xMidYMid"
              bbHeight={14}
              bbWidth={14}
              fill="none"
              focusable={false}
              height={14}
              meetOrSlice={0}
              minX={0}
              minY={0}
              stroke="rgba(0, 0, 0, 0.6000)"
              strokeLinecap="round"
              strokeLinejoin="round"
              strokeWidth={2}
              style={
                [
                  {
                    "backgroundColor": "transparent",
                    "borderWidth": 0,
                  },
                  {
                    "flex": 0,
                    "height": 14,
                    "width": 14,
                  },
                ]
              }
              vbHeight={24}
              vbWidth={24}
              width={14}
              xmlns="http://www.w3.org/2000/svg"
            >
              <RNSVGGroup
                fill={null}
                propList={
                  [
                    "fill",
                    "stroke",
                    "strokeWidth",
                    "strokeLinecap",
                    "strokeLinejoin",
                  ]
                }
                stroke={
                  {
                    "payload": 2566914048,
                    "type": 0,
                  }
                }
                strokeLinecap={1}
                strokeLinejoin={1}
                strokeWidth={2}
              >
                <RNSVGPath
                  d="M18 6l-12 12"
                  fill={null}
                  propList={
                    [
                      "fill",
                      "stroke",
                      "strokeWidth",
                      "strokeLinecap",
                      "strokeLinejoin",
                    ]
                  }
                  stroke={
                    {
                      "payload": 2566914048,
                      "type": 0,
                    }
                  }
                  strokeLinecap={1}
                  strokeLinejoin={1}
                  strokeWidth={2}
                />
                <RNSVGPath
                  d="M6 6l12 12"
                  fill={null}
                  propList={
                    [
                      "fill",
                      "stroke",
                      "strokeWidth",
                      "strokeLinecap",
                      "strokeLinejoin",
                    ]
                  }
                  stroke={
                    {
                      "payload": 2566914048,
                      "type": 0,
                    }
                  }
                  strokeLinecap={1}
                  strokeLinejoin={1}
                  strokeWidth={2}
                />
              </RNSVGGroup>
            </RNSVGSvgView>
          </View>
        </View>
        <View
          style={
            {
              "backgroundColor": "#dbdada",
              "height": 1,
            }
          }
        />
        <View
          style={
            {
              "paddingHorizontal": 21,
              "paddingVertical": 21,
            }
          }
        >
          <Text>
            This is the dialog body content
          </Text>
        </View>
        <View
          style={
            {
              "paddingBottom": 21,
              "paddingHorizontal": 21,
            }
          }
        >
          <Text>
            This is the dialog footer
          </Text>
        </View>
      </View>
    </View>
  </View>
</Modal>
`;
