// Jest Snapshot v1, https://goo.gl/fbAQLP

exports[`Dialog component tests basic dialog with title, body and footer 1`] = `
<Modal
  animationType="none"
  hardwareAccelerated={false}
  onRequestClose={[MockFunction]}
  statusBarTranslucent={true}
  transparent={true}
  visible={true}
>
  <View
    style={
      {
        "alignItems": "center",
        "flex": 1,
        "justifyContent": "center",
      }
    }
  >
    <View
      collapsable={false}
      jestAnimatedStyle={
        {
          "value": {
            "opacity": 0,
          },
        }
      }
      style={
        {
          "backgroundColor": "black",
          "bottom": 0,
          "left": 0,
          "opacity": 0,
          "position": "absolute",
          "right": 0,
          "top": 0,
        }
      }
    />
    <View
      collapsable={false}
      jestAnimatedStyle={
        {
          "value": {
            "opacity": 0,
            "transform": [
              {
                "scale": 0.9,
              },
            ],
          },
        }
      }
      style={
        {
          "opacity": 0,
          "transform": [
            {
              "scale": 0.9,
            },
          ],
        }
      }
    >
      <View
        style={
          [
            {
              "backgroundColor": "#ffffff",
              "borderColor": "#dbdada",
              "borderRadius": 7,
            },
            {
              "maxHeight": 1234,
              "maxWidth": 710,
            },
          ]
        }
      >
        <Text>
          This is custom dialog header
        </Text>
        <View
          style={
            {
              "paddingHorizontal": 21,
              "paddingVertical": 21,
            }
          }
        >
          <Text>
            This is the dialog body content
          </Text>
        </View>
        <View
          style={
            {
              "paddingBottom": 21,
              "paddingHorizontal": 21,
            }
          }
        >
          <Text>
            This is the dialog footer
          </Text>
        </View>
      </View>
    </View>
  </View>
</Modal>
`;
